2026-10-01 22:28:23,542 INFO session_started session_id=2f31193e8aa54b66b7f7ffd10b4637f8 camera_id=camera-1 source=0 detection_skip_frames=2
2026-10-01 22:28:31,469 WARNING embedding_failed frame=0 bbox=(2262, 409, 2332, 489) error=InsightFace could not find a face inside the YOLO crop
2026-10-01 22:28:32,179 WARNING embedding_failed frame=3 bbox=(2269, 434, 2339, 516) error=InsightFace could not find a face inside the YOLO crop
2026-10-01 22:28:32,554 WARNING embedding_failed frame=3 bbox=(2555, 295, 2593, 340) error=InsightFace could not find a face inside the YOLO crop
2026-10-01 22:28:33,263 WARNING embedding_failed frame=6 bbox=(2274, 450, 2348, 534) error=InsightFace could not find a face inside the YOLO crop
2026-10-01 22:28:34,254 WARNING embedding_failed frame=6 bbox=(2555, 295, 2593, 340) error=InsightFace could not find a face inside the YOLO crop
2026-10-01 22:28:35,282 WARNING embedding_failed frame=9 bbox=(2284, 460, 2357, 545) error=InsightFace could not find a face inside the YOLO crop
2026-10-01 22:28:35,870 WARNING embedding_failed frame=9 bbox=(2555, 295, 2593, 341) error=InsightFace could not find a face inside the YOLO crop
2026-10-01 22:28:36,456 WARNING embedding_failed frame=12 bbox=(2295, 473, 2375, 563) error=InsightFace could not find a face inside the YOLO crop
2026-10-01 22:28:36,786 WARNING embedding_failed frame=12 bbox=(2554, 294, 2594, 341) error=InsightFace could not find a face inside the YOLO crop
2026-10-01 22:28:37,779 WARNING embedding_failed frame=15 bbox=(2311, 498, 2391, 587) error=InsightFace could not find a face inside the YOLO crop
2026-10-01 22:28:38,154 WARNING embedding_failed frame=15 bbox=(2555, 294, 2594, 340) error=InsightFace could not find a face inside the YOLO crop
2026-10-01 22:28:38,877 WARNING embedding_failed frame=18 bbox=(2333, 523, 2412, 614) error=InsightFace could not find a face inside the YOLO crop
2026-10-01 22:28:39,602 WARNING embedding_failed frame=21 bbox=(2359, 538, 2444, 637) error=InsightFace could not find a face inside the YOLO crop
2026-10-01 22:28:40,621 WARNING embedding_failed frame=24 bbox=(2386, 560, 2468, 653) error=InsightFace could not find a face inside the YOLO crop
2026-10-01 22:28:42,225 WARNING embedding_failed frame=27 bbox=(2398, 598, 2481, 687) error=InsightFace could not find a face inside the YOLO crop
2026-10-01 22:28:42,829 WARNING embedding_failed frame=30 bbox=(2403, 647, 2484, 733) error=InsightFace could not find a face inside the YOLO crop
2026-10-01 22:28:43,314 WARNING embedding_failed frame=33 bbox=(2405, 680, 2491, 768) error=InsightFace could not find a face inside the YOLO crop
2026-10-01 22:28:44,103 WARNING embedding_failed frame=36 bbox=(2415, 704, 2507, 799) error=InsightFace could not find a face inside the YOLO crop
2026-10-01 22:28:44,519 WARNING embedding_failed frame=39 bbox=(2433, 746, 2526, 831) error=InsightFace could not find a face inside the YOLO crop
2026-10-01 22:28:44,963 WARNING embedding_failed frame=42 bbox=(2455, 789, 2552, 872) error=InsightFace could not find a face inside the YOLO crop
2026-10-01 22:28:45,443 WARNING embedding_failed frame=45 bbox=(2489, 834, 2588, 915) error=InsightFace could not find a face inside the YOLO crop
2026-10-01 22:28:45,873 WARNING embedding_failed frame=48 bbox=(2528, 874, 2633, 959) error=InsightFace could not find a face inside the YOLO crop
2026-10-01 22:28:46,284 WARNING embedding_failed frame=51 bbox=(2645, 289, 2680, 332) error=InsightFace could not find a face inside the YOLO crop
2026-10-01 22:28:46,517 WARNING embedding_failed frame=51 bbox=(2557, 906, 2669, 989) error=InsightFace could not find a face inside the YOLO crop
2026-10-01 22:28:46,927 WARNING embedding_failed frame=54 bbox=(2645, 288, 2681, 332) error=InsightFace could not find a face inside the YOLO crop
2026-10-01 22:28:47,339 WARNING embedding_failed frame=57 bbox=(2648, 289, 2682, 331) error=InsightFace could not find a face inside the YOLO crop
2026-10-01 22:28:47,760 WARNING embedding_failed frame=60 bbox=(2648, 289, 2683, 331) error=InsightFace could not find a face inside the YOLO crop
2026-10-01 22:28:48,162 WARNING embedding_failed frame=63 bbox=(2649, 291, 2683, 332) error=InsightFace could not find a face inside the YOLO crop
2026-10-01 22:28:48,611 WARNING embedding_failed frame=66 bbox=(2651, 292, 2684, 333) error=InsightFace could not find a face inside the YOLO crop
2026-10-01 22:28:48,903 WARNING embedding_failed frame=66 bbox=(2558, 206, 2589, 248) error=InsightFace could not find a face inside the YOLO crop
2026-10-01 22:28:49,463 WARNING embedding_failed frame=69 bbox=(2651, 292, 2684, 333) error=InsightFace could not find a face inside the YOLO crop
2026-10-01 22:28:49,685 WARNING embedding_failed frame=69 bbox=(2561, 207, 2591, 249) error=InsightFace could not find a face inside the YOLO crop
2026-10-01 22:28:55,884 WARNING embedding_failed frame=183 bbox=(2563, 209, 2592, 248) error=InsightFace could not find a face inside the YOLO crop
2026-10-01 22:28:56,229 WARNING embedding_failed frame=186 bbox=(2563, 209, 2591, 249) error=InsightFace could not find a face inside the YOLO crop
2026-10-01 22:28:56,591 WARNING embedding_failed frame=189 bbox=(2564, 210, 2591, 248) error=InsightFace could not find a face inside the YOLO crop
2026-10-01 22:28:56,923 WARNING embedding_failed frame=192 bbox=(2564, 210, 2591, 248) error=InsightFace could not find a face inside the YOLO crop
2026-10-01 22:29:02,071 WARNING embedding_failed frame=330 bbox=(2019, 11, 2052, 46) error=InsightFace could not find a face inside the YOLO crop
2026-10-01 22:29:02,867 WARNING embedding_failed frame=345 bbox=(2622, 293, 2649, 329) error=InsightFace could not find a face inside the YOLO crop
2026-10-01 22:29:03,202 WARNING embedding_failed frame=348 bbox=(2043, 30, 2079, 72) error=InsightFace could not find a face inside the YOLO crop
2026-10-01 22:29:03,627 WARNING embedding_failed frame=354 bbox=(2058, 49, 2092, 89) error=InsightFace could not find a face inside the YOLO crop
2026-10-01 22:29:04,342 WARNING embedding_failed frame=369 bbox=(2077, 85, 2112, 124) error=InsightFace could not find a face inside the YOLO crop
2026-10-01 22:29:04,673 WARNING embedding_failed frame=372 bbox=(2077, 83, 2114, 125) error=InsightFace could not find a face inside the YOLO crop
2026-10-01 22:29:05,002 WARNING embedding_failed frame=375 bbox=(2077, 81, 2119, 126) error=InsightFace could not find a face inside the YOLO crop
2026-10-01 22:29:05,460 WARNING embedding_failed frame=381 bbox=(2099, 101, 2140, 149) error=InsightFace could not find a face inside the YOLO crop
2026-10-01 22:29:05,788 WARNING embedding_failed frame=384 bbox=(2116, 110, 2155, 157) error=InsightFace could not find a face inside the YOLO crop
2026-10-01 22:29:06,313 WARNING embedding_failed frame=393 bbox=(2144, 134, 2188, 184) error=InsightFace could not find a face inside the YOLO crop
2026-10-01 22:29:06,644 WARNING embedding_failed frame=396 bbox=(2150, 143, 2195, 194) error=InsightFace could not find a face inside the YOLO crop
2026-10-01 22:29:06,967 WARNING embedding_failed frame=399 bbox=(2154, 145, 2205, 201) error=InsightFace could not find a face inside the YOLO crop
2026-10-01 22:29:07,294 WARNING embedding_failed frame=402 bbox=(2167, 149, 2215, 202) error=InsightFace could not find a face inside the YOLO crop
2026-10-01 22:29:07,613 WARNING embedding_failed frame=405 bbox=(2184, 158, 2233, 215) error=InsightFace could not find a face inside the YOLO crop
2026-10-01 22:29:07,955 WARNING embedding_failed frame=408 bbox=(2204, 178, 2252, 233) error=InsightFace could not find a face inside the YOLO crop
2026-10-01 22:29:08,285 WARNING embedding_failed frame=411 bbox=(2228, 193, 2280, 249) error=InsightFace could not find a face inside the YOLO crop
2026-10-01 22:29:08,615 WARNING embedding_failed frame=414 bbox=(2248, 197, 2301, 257) error=InsightFace could not find a face inside the YOLO crop
2026-10-01 22:29:08,800 WARNING embedding_failed frame=414 bbox=(1041, 0, 1077, 39) error=InsightFace could not find a face inside the YOLO crop
2026-10-01 22:29:09,120 WARNING embedding_failed frame=417 bbox=(1039, 2, 1076, 47) error=InsightFace could not find a face inside the YOLO crop
2026-10-01 22:29:09,304 WARNING embedding_failed frame=417 bbox=(2264, 211, 2314, 266) error=InsightFace could not find a face inside the YOLO crop
2026-10-01 22:29:09,647 WARNING embedding_failed frame=420 bbox=(2275, 229, 2326, 289) error=InsightFace could not find a face inside the YOLO crop
2026-10-01 22:29:09,862 WARNING embedding_failed frame=420 bbox=(1044, 4, 1083, 48) error=InsightFace could not find a face inside the YOLO crop
2026-10-01 22:29:10,239 WARNING embedding_failed frame=423 bbox=(2285, 250, 2337, 309) error=InsightFace could not find a face inside the YOLO crop
2026-10-01 22:29:10,502 WARNING embedding_failed frame=423 bbox=(1047, 2, 1084, 44) error=InsightFace could not find a face inside the YOLO crop
2026-10-01 22:29:10,860 WARNING embedding_failed frame=426 bbox=(2302, 260, 2352, 315) error=InsightFace could not find a face inside the YOLO crop
2026-10-01 22:29:11,053 WARNING embedding_failed frame=426 bbox=(1047, 2, 1084, 46) error=InsightFace could not find a face inside the YOLO crop
2026-10-01 22:29:11,249 WARNING embedding_failed frame=426 bbox=(2562, 211, 2589, 252) error=InsightFace could not find a face inside the YOLO crop
2026-10-01 22:29:11,564 WARNING embedding_failed frame=429 bbox=(1045, 8, 1083, 52) error=InsightFace could not find a face inside the YOLO crop
2026-10-01 22:29:11,753 WARNING embedding_failed frame=429 bbox=(2318, 256, 2375, 320) error=InsightFace could not find a face inside the YOLO crop
2026-10-01 22:29:11,965 WARNING embedding_failed frame=429 bbox=(2560, 212, 2588, 252) error=InsightFace could not find a face inside the YOLO crop
2026-10-01 22:29:12,293 WARNING embedding_failed frame=432 bbox=(1036, 12, 1074, 58) error=InsightFace could not find a face inside the YOLO crop
2026-10-01 22:29:12,484 WARNING embedding_failed frame=432 bbox=(2336, 276, 2389, 337) error=InsightFace could not find a face inside the YOLO crop
2026-10-01 22:29:12,684 WARNING embedding_failed frame=432 bbox=(2560, 211, 2588, 252) error=InsightFace could not find a face inside the YOLO crop
2026-10-01 22:29:13,029 WARNING embedding_failed frame=435 bbox=(1029, 17, 1068, 66) error=InsightFace could not find a face inside the YOLO crop
2026-10-01 22:29:13,223 WARNING embedding_failed frame=435 bbox=(2367, 302, 2417, 363) error=InsightFace could not find a face inside the YOLO crop
2026-10-01 22:29:13,568 WARNING embedding_failed frame=438 bbox=(2384, 310, 2441, 375) error=InsightFace could not find a face inside the YOLO crop
2026-10-01 22:29:13,771 WARNING embedding_failed frame=438 bbox=(1016, 18, 1054, 65) error=InsightFace could not find a face inside the YOLO crop
2026-10-01 22:29:13,974 WARNING embedding_failed frame=438 bbox=(2561, 211, 2588, 251) error=InsightFace could not find a face inside the YOLO crop
2026-10-01 22:29:14,338 WARNING embedding_failed frame=441 bbox=(1007, 17, 1048, 66) error=InsightFace could not find a face inside the YOLO crop
2026-10-01 22:29:14,544 WARNING embedding_failed frame=441 bbox=(2405, 319, 2462, 383) error=InsightFace could not find a face inside the YOLO crop
2026-10-01 22:29:14,917 WARNING embedding_failed frame=444 bbox=(1005, 23, 1042, 71) error=InsightFace could not find a face inside the YOLO crop
2026-10-01 22:29:15,117 WARNING embedding_failed frame=444 bbox=(2424, 331, 2487, 394) error=InsightFace could not find a face inside the YOLO crop
2026-10-01 22:29:15,328 WARNING embedding_failed frame=444 bbox=(2553, 294, 2592, 340) error=InsightFace could not find a face inside the YOLO crop
2026-10-01 22:29:15,654 WARNING embedding_failed frame=447 bbox=(2439, 358, 2497, 424) error=InsightFace could not find a face inside the YOLO crop
2026-10-01 22:29:15,848 WARNING embedding_failed frame=447 bbox=(1002, 28, 1041, 80) error=InsightFace could not find a face inside the YOLO crop
2026-10-01 22:29:16,058 WARNING embedding_failed frame=447 bbox=(2554, 294, 2592, 340) error=InsightFace could not find a face inside the YOLO crop
2026-10-01 22:29:16,388 WARNING embedding_failed frame=450 bbox=(999, 39, 1036, 86) error=InsightFace could not find a face inside the YOLO crop
2026-10-01 22:29:16,600 WARNING embedding_failed frame=450 bbox=(2458, 381, 2515, 450) error=InsightFace could not find a face inside the YOLO crop
2026-10-01 22:29:16,924 WARNING embedding_failed frame=453 bbox=(996, 39, 1036, 89) error=InsightFace could not find a face inside the YOLO crop
2026-10-01 22:29:17,134 WARNING embedding_failed frame=453 bbox=(2469, 395, 2530, 460) error=InsightFace could not find a face inside the YOLO crop
2026-10-01 22:29:17,475 WARNING embedding_failed frame=456 bbox=(995, 40, 1037, 91) error=InsightFace could not find a face inside the YOLO crop
2026-10-01 22:29:17,682 WARNING embedding_failed frame=456 bbox=(2485, 400, 2552, 469) error=InsightFace could not find a face inside the YOLO crop
2026-10-01 22:29:17,890 WARNING embedding_failed frame=456 bbox=(1207, 119, 1232, 150) error=InsightFace could not find a face inside the YOLO crop
2026-10-01 22:29:18,229 WARNING embedding_failed frame=459 bbox=(2504, 408, 2574, 483) error=InsightFace could not find a face inside the YOLO crop
2026-10-01 22:29:18,414 WARNING embedding_failed frame=459 bbox=(995, 40, 1040, 95) error=InsightFace could not find a face inside the YOLO crop
2026-10-01 22:29:18,602 WARNING embedding_failed frame=459 bbox=(1207, 119, 1235, 152) error=InsightFace could not find a face inside the YOLO crop
2026-10-01 22:29:18,933 WARNING embedding_failed frame=462 bbox=(2529, 437, 2598, 519) error=InsightFace could not find a face inside the YOLO crop
2026-10-01 22:29:19,133 WARNING embedding_failed frame=462 bbox=(993, 51, 1035, 101) error=InsightFace could not find a face inside the YOLO crop
2026-10-01 22:29:19,328 WARNING embedding_failed frame=462 bbox=(1214, 120, 1242, 151) error=InsightFace could not find a face inside the YOLO crop
2026-10-01 22:29:19,668 WARNING embedding_failed frame=465 bbox=(2564, 458, 2628, 531) error=InsightFace could not find a face inside the YOLO crop
2026-10-01 22:29:19,948 WARNING embedding_failed frame=465 bbox=(981, 57, 1026, 113) error=InsightFace could not find a face inside the YOLO crop
2026-10-01 22:29:20,268 WARNING embedding_failed frame=468 bbox=(2589, 471, 2659, 554) error=InsightFace could not find a face inside the YOLO crop
2026-10-01 22:29:20,450 WARNING embedding_failed frame=468 bbox=(973, 64, 1016, 117) error=InsightFace could not find a face inside the YOLO crop
2026-10-01 22:29:20,808 WARNING embedding_failed frame=471 bbox=(2610, 491, 2678, 566) error=InsightFace could not find a face inside the YOLO crop
2026-10-01 22:29:20,998 WARNING embedding_failed frame=471 bbox=(960, 64, 1006, 119) error=InsightFace could not find a face inside the YOLO crop
2026-10-01 22:29:21,186 WARNING embedding_failed frame=471 bbox=(1244, 124, 1272, 156) error=InsightFace could not find a face inside the YOLO crop
2026-10-01 22:29:21,504 WARNING embedding_failed frame=474 bbox=(2629, 524, 2687, 614) error=InsightFace could not find a face inside the YOLO crop
2026-10-01 22:29:21,692 WARNING embedding_failed frame=474 bbox=(956, 67, 1001, 122) error=InsightFace could not find a face inside the YOLO crop
2026-10-01 22:29:21,894 WARNING embedding_failed frame=474 bbox=(1251, 128, 1279, 161) error=InsightFace could not find a face inside the YOLO crop
2026-10-01 22:29:22,215 WARNING embedding_failed frame=477 bbox=(944, 73, 990, 131) error=InsightFace could not find a face inside the YOLO crop
2026-10-01 22:29:22,432 WARNING embedding_failed frame=477 bbox=(2651, 540, 2687, 644) error=InsightFace could not find a face inside the YOLO crop
2026-10-01 22:29:22,753 WARNING embedding_failed frame=480 bbox=(941, 84, 988, 142) error=InsightFace could not find a face inside the YOLO crop
2026-10-01 22:29:23,150 WARNING embedding_failed frame=483 bbox=(941, 90, 990, 152) error=InsightFace could not find a face inside the YOLO crop
2026-10-01 22:29:23,510 WARNING embedding_failed frame=486 bbox=(1110, 0, 1157, 51) error=InsightFace could not find a face inside the YOLO crop
2026-10-01 22:29:23,698 WARNING embedding_failed frame=486 bbox=(944, 91, 991, 151) error=InsightFace could not find a face inside the YOLO crop
2026-10-01 22:29:24,028 WARNING embedding_failed frame=489 bbox=(1134, 1, 1180, 56) error=InsightFace could not find a face inside the YOLO crop
2026-10-01 22:29:24,218 WARNING embedding_failed frame=489 bbox=(940, 97, 987, 154) error=InsightFace could not find a face inside the YOLO crop
2026-10-01 22:29:24,544 WARNING embedding_failed frame=492 bbox=(932, 103, 982, 166) error=InsightFace could not find a face inside the YOLO crop
2026-10-01 22:29:24,738 WARNING embedding_failed frame=492 bbox=(1305, 147, 1335, 183) error=InsightFace could not find a face inside the YOLO crop
2026-10-01 22:29:25,082 WARNING embedding_failed frame=495 bbox=(921, 121, 970, 180) error=InsightFace could not find a face inside the YOLO crop
2026-10-01 22:29:25,292 WARNING embedding_failed frame=495 bbox=(1174, 0, 1228, 59) error=InsightFace could not find a face inside the YOLO crop
2026-10-01 22:29:25,482 WARNING embedding_failed frame=495 bbox=(1313, 152, 1341, 184) error=InsightFace could not find a face inside the YOLO crop
2026-10-01 22:29:25,824 WARNING embedding_failed frame=498 bbox=(909, 126, 955, 189) error=InsightFace could not find a face inside the YOLO crop
2026-10-01 22:29:26,034 WARNING embedding_failed frame=498 bbox=(1313, 155, 1344, 189) error=InsightFace could not find a face inside the YOLO crop
2026-10-01 22:29:26,235 WARNING embedding_failed frame=498 bbox=(1181, 12, 1229, 68) error=InsightFace could not find a face inside the YOLO crop
2026-10-01 22:29:26,562 WARNING embedding_failed frame=501 bbox=(900, 125, 944, 185) error=InsightFace could not find a face inside the YOLO crop
2026-10-01 22:29:26,770 WARNING embedding_failed frame=501 bbox=(1193, 21, 1243, 84) error=InsightFace could not find a face inside the YOLO crop
2026-10-01 22:29:26,971 WARNING embedding_failed frame=501 bbox=(1317, 155, 1345, 188) error=InsightFace could not find a face inside the YOLO crop
2026-10-01 22:29:27,302 WARNING embedding_failed frame=504 bbox=(1198, 24, 1246, 87) error=InsightFace could not find a face inside the YOLO crop
2026-10-01 22:29:27,502 WARNING embedding_failed frame=504 bbox=(895, 125, 936, 185) error=InsightFace could not find a face inside the YOLO crop
2026-10-01 22:29:27,714 WARNING embedding_failed frame=504 bbox=(2580, 210, 2612, 250) error=InsightFace could not find a face inside the YOLO crop
2026-10-01 22:29:28,033 WARNING embedding_failed frame=507 bbox=(1203, 29, 1250, 88) error=InsightFace could not find a face inside the YOLO crop
2026-10-01 22:29:28,238 WARNING embedding_failed frame=507 bbox=(881, 131, 931, 201) error=InsightFace could not find a face inside the YOLO crop
2026-10-01 22:29:28,560 WARNING embedding_failed frame=510 bbox=(1205, 31, 1256, 93) error=InsightFace could not find a face inside the YOLO crop
2026-10-01 22:29:28,778 WARNING embedding_failed frame=510 bbox=(878, 146, 926, 214) error=InsightFace could not find a face inside the YOLO crop
2026-10-01 22:29:28,976 WARNING embedding_failed frame=510 bbox=(2578, 207, 2612, 248) error=InsightFace could not find a face inside the YOLO crop
2026-10-01 22:29:29,312 WARNING embedding_failed frame=513 bbox=(883, 152, 932, 219) error=InsightFace could not find a face inside the YOLO crop
2026-10-01 22:29:29,518 WARNING embedding_failed frame=513 bbox=(2579, 208, 2613, 249) error=InsightFace could not find a face inside the YOLO crop
2026-10-01 22:29:29,718 WARNING embedding_failed frame=513 bbox=(1212, 47, 1265, 105) error=InsightFace could not find a face inside the YOLO crop
2026-10-01 22:29:30,048 WARNING embedding_failed frame=516 bbox=(1225, 57, 1280, 119) error=InsightFace could not find a face inside the YOLO crop
2026-10-01 22:29:30,249 WARNING embedding_failed frame=516 bbox=(895, 156, 939, 222) error=InsightFace could not find a face inside the YOLO crop
2026-10-01 22:29:30,448 WARNING embedding_failed frame=516 bbox=(2579, 208, 2612, 248) error=InsightFace could not find a face inside the YOLO crop
2026-10-01 22:29:30,644 WARNING embedding_failed frame=516 bbox=(1339, 183, 1374, 228) error=InsightFace could not find a face inside the YOLO crop
2026-10-01 22:29:30,972 WARNING embedding_failed frame=519 bbox=(896, 159, 942, 225) error=InsightFace could not find a face inside the YOLO crop
2026-10-01 22:29:31,171 WARNING embedding_failed frame=519 bbox=(1242, 66, 1296, 129) error=InsightFace could not find a face inside the YOLO crop
2026-10-01 22:29:31,380 WARNING embedding_failed frame=519 bbox=(2577, 208, 2612, 250) error=InsightFace could not find a face inside the YOLO crop
2026-10-01 22:29:31,718 WARNING embedding_failed frame=522 bbox=(1262, 64, 1319, 129) error=InsightFace could not find a face inside the YOLO crop
2026-10-01 22:29:31,918 WARNING embedding_failed frame=522 bbox=(899, 164, 945, 232) error=InsightFace could not find a face inside the YOLO crop
2026-10-01 22:29:32,112 WARNING embedding_failed frame=522 bbox=(2579, 208, 2611, 248) error=InsightFace could not find a face inside the YOLO crop
2026-10-01 22:29:32,437 WARNING embedding_failed frame=525 bbox=(1268, 63, 1329, 134) error=InsightFace could not find a face inside the YOLO crop
2026-10-01 22:29:32,633 WARNING embedding_failed frame=525 bbox=(901, 174, 946, 245) error=InsightFace could not find a face inside the YOLO crop
2026-10-01 22:29:32,834 WARNING embedding_failed frame=525 bbox=(2579, 208, 2611, 248) error=InsightFace could not find a face inside the YOLO crop
2026-10-01 22:29:33,164 WARNING embedding_failed frame=528 bbox=(1277, 70, 1335, 140) error=InsightFace could not find a face inside the YOLO crop
2026-10-01 22:29:33,358 WARNING embedding_failed frame=528 bbox=(893, 192, 941, 262) error=InsightFace could not find a face inside the YOLO crop
2026-10-01 22:29:33,562 WARNING embedding_failed frame=528 bbox=(2578, 208, 2610, 248) error=InsightFace could not find a face inside the YOLO crop
2026-10-01 22:29:33,954 WARNING embedding_failed frame=531 bbox=(1283, 81, 1342, 154) error=InsightFace could not find a face inside the YOLO crop
2026-10-01 22:29:34,283 WARNING embedding_failed frame=531 bbox=(891, 198, 936, 268) error=InsightFace could not find a face inside the YOLO crop
2026-10-01 22:29:34,485 WARNING embedding_failed frame=531 bbox=(2579, 210, 2611, 249) error=InsightFace could not find a face inside the YOLO crop
2026-10-01 22:29:34,800 WARNING embedding_failed frame=534 bbox=(1283, 91, 1344, 167) error=InsightFace could not find a face inside the YOLO crop
2026-10-01 22:29:35,002 WARNING embedding_failed frame=534 bbox=(882, 205, 931, 274) error=InsightFace could not find a face inside the YOLO crop
2026-10-01 22:29:35,433 INFO embedding_generated frame=534 confidence=0.538 bbox=(2579, 210, 2611, 249)
2026-10-01 22:29:35,440 INFO face_registered visitor_id=visitor_85e6c7487a15 track_id=2d719fb2fbb8 similarity=-1.0000
2026-10-01 22:29:35,468 INFO face_entry visitor_id=visitor_85e6c7487a15 track_id=2d719fb2fbb8 camera_id=camera-1 timestamp=2026-10-01T16:59:35.443+00:00 image=C:\Users\Vaishnavi\OneDrive\Desktop\AI-Interview-System\logs\entries\2026-10-01\2026-10-01T16-59-35.443_00-00_visitor_85e6c7487a15_2d719fb2fbb8.jpg unique_visitors=1
2026-10-01 22:29:35,830 WARNING embedding_failed frame=537 bbox=(1284, 93, 1343, 167) error=InsightFace could not find a face inside the YOLO crop
2026-10-01 22:29:36,045 WARNING embedding_failed frame=537 bbox=(880, 208, 931, 282) error=InsightFace could not find a face inside the YOLO crop
2026-10-01 22:29:36,501 INFO embedding_generated frame=537 confidence=0.530 bbox=(2579, 210, 2611, 249)
2026-10-01 22:29:36,501 INFO face_tracked visitor_id=visitor_85e6c7487a15 track_id=2d719fb2fbb8 frame=537 bbox=(2579, 210, 2611, 249)
2026-10-01 22:29:36,913 WARNING embedding_failed frame=540 bbox=(1285, 97, 1344, 172) error=InsightFace could not find a face inside the YOLO crop
2026-10-01 22:29:37,182 WARNING embedding_failed frame=540 bbox=(890, 218, 935, 292) error=InsightFace could not find a face inside the YOLO crop
2026-10-01 22:29:37,455 WARNING embedding_failed frame=540 bbox=(2580, 211, 2611, 249) error=InsightFace could not find a face inside the YOLO crop
2026-10-01 22:29:37,888 WARNING embedding_failed frame=543 bbox=(1294, 104, 1354, 182) error=InsightFace could not find a face inside the YOLO crop
2026-10-01 22:29:38,083 WARNING embedding_failed frame=543 bbox=(900, 232, 952, 311) error=InsightFace could not find a face inside the YOLO crop
2026-10-01 22:29:38,270 WARNING embedding_failed frame=543 bbox=(2581, 212, 2611, 249) error=InsightFace could not find a face inside the YOLO crop
2026-10-01 22:29:38,632 WARNING embedding_failed frame=546 bbox=(1302, 118, 1365, 204) error=InsightFace could not find a face inside the YOLO crop
2026-10-01 22:29:38,898 WARNING embedding_failed frame=546 bbox=(921, 238, 969, 318) error=InsightFace could not find a face inside the YOLO crop
2026-10-01 22:29:39,143 WARNING embedding_failed frame=546 bbox=(2581, 213, 2611, 249) error=InsightFace could not find a face inside the YOLO crop
2026-10-01 22:29:39,506 WARNING embedding_failed frame=549 bbox=(1322, 132, 1386, 214) error=InsightFace could not find a face inside the YOLO crop
2026-10-01 22:29:39,714 WARNING embedding_failed frame=549 bbox=(938, 245, 987, 323) error=InsightFace could not find a face inside the YOLO crop
2026-10-01 22:29:39,950 WARNING embedding_failed frame=549 bbox=(2581, 212, 2612, 250) error=InsightFace could not find a face inside the YOLO crop
2026-10-01 22:29:39,965 INFO face_exit visitor_id=visitor_85e6c7487a15 track_id=2d719fb2fbb8 camera_id=camera-1 timestamp=2026-10-01T16:59:39.950+00:00 image=C:\Users\Vaishnavi\OneDrive\Desktop\AI-Interview-System\logs\exits\2026-10-01\2026-10-01T16-59-39.950_00-00_visitor_85e6c7487a15_2d719fb2fbb8.jpg unique_visitors=1
2026-10-01 22:29:40,320 WARNING embedding_failed frame=552 bbox=(1341, 138, 1406, 219) error=InsightFace could not find a face inside the YOLO crop
2026-10-01 22:29:40,534 WARNING embedding_failed frame=552 bbox=(954, 249, 1006, 332) error=InsightFace could not find a face inside the YOLO crop
2026-10-01 22:29:40,798 WARNING embedding_failed frame=552 bbox=(2580, 213, 2610, 250) error=InsightFace could not find a face inside the YOLO crop
2026-10-01 22:29:41,166 WARNING embedding_failed frame=555 bbox=(1348, 141, 1413, 223) error=InsightFace could not find a face inside the YOLO crop
2026-10-01 22:29:41,371 WARNING embedding_failed frame=555 bbox=(945, 258, 1008, 346) error=InsightFace could not find a face inside the YOLO crop
2026-10-01 22:29:41,586 WARNING embedding_failed frame=555 bbox=(2580, 213, 2610, 250) error=InsightFace could not find a face inside the YOLO crop
2026-10-01 22:29:41,970 WARNING embedding_failed frame=558 bbox=(931, 272, 1000, 362) error=InsightFace could not find a face inside the YOLO crop
2026-10-01 22:29:42,184 WARNING embedding_failed frame=558 bbox=(1351, 153, 1417, 237) error=InsightFace could not find a face inside the YOLO crop
2026-10-01 22:29:42,399 WARNING embedding_failed frame=558 bbox=(2580, 214, 2610, 250) error=InsightFace could not find a face inside the YOLO crop
2026-10-01 22:29:42,811 WARNING embedding_failed frame=561 bbox=(1349, 166, 1421, 255) error=InsightFace could not find a face inside the YOLO crop
2026-10-01 22:29:43,064 WARNING embedding_failed frame=561 bbox=(928, 280, 996, 369) error=InsightFace could not find a face inside the YOLO crop
2026-10-01 22:29:43,413 WARNING embedding_failed frame=564 bbox=(928, 288, 998, 376) error=InsightFace could not find a face inside the YOLO crop
2026-10-01 22:29:43,612 WARNING embedding_failed frame=564 bbox=(1349, 183, 1418, 269) error=InsightFace could not find a face inside the YOLO crop
2026-10-01 22:29:43,940 WARNING embedding_failed frame=567 bbox=(938, 296, 1010, 389) error=InsightFace could not find a face inside the YOLO crop
2026-10-01 22:29:44,137 WARNING embedding_failed frame=567 bbox=(1348, 185, 1419, 275) error=InsightFace could not find a face inside the YOLO crop
2026-10-01 22:29:44,488 WARNING embedding_failed frame=570 bbox=(1354, 184, 1428, 278) error=InsightFace could not find a face inside the YOLO crop
2026-10-01 22:29:44,783 WARNING embedding_failed frame=570 bbox=(958, 308, 1022, 403) error=InsightFace could not find a face inside the YOLO crop
2026-10-01 22:29:45,128 WARNING embedding_failed frame=573 bbox=(1365, 198, 1442, 290) error=InsightFace could not find a face inside the YOLO crop
2026-10-01 22:29:45,325 WARNING embedding_failed frame=573 bbox=(977, 333, 1036, 429) error=InsightFace could not find a face inside the YOLO crop
2026-10-01 22:29:45,658 WARNING embedding_failed frame=576 bbox=(1381, 215, 1462, 315) error=InsightFace could not find a face inside the YOLO crop
2026-10-01 22:29:45,864 WARNING embedding_failed frame=576 bbox=(993, 355, 1054, 448) error=InsightFace could not find a face inside the YOLO crop
2026-10-01 22:29:46,198 WARNING embedding_failed frame=579 bbox=(1406, 239, 1489, 340) error=InsightFace could not find a face inside the YOLO crop
2026-10-01 22:29:46,413 WARNING embedding_failed frame=579 bbox=(1008, 363, 1071, 465) error=InsightFace could not find a face inside the YOLO crop
2026-10-01 22:29:46,738 WARNING embedding_failed frame=582 bbox=(1430, 246, 1517, 348) error=InsightFace could not find a face inside the YOLO crop
2026-10-01 22:29:46,950 WARNING embedding_failed frame=582 bbox=(1025, 370, 1087, 469) error=InsightFace could not find a face inside the YOLO crop
2026-10-01 22:29:47,278 WARNING embedding_failed frame=585 bbox=(1441, 248, 1530, 356) error=InsightFace could not find a face inside the YOLO crop
2026-10-01 22:29:47,481 WARNING embedding_failed frame=585 bbox=(1031, 386, 1096, 488) error=InsightFace could not find a face inside the YOLO crop
2026-10-01 22:29:47,830 WARNING embedding_failed frame=588 bbox=(1443, 267, 1529, 373) error=InsightFace could not find a face inside the YOLO crop
2026-10-01 22:29:48,033 WARNING embedding_failed frame=588 bbox=(1026, 413, 1097, 516) error=InsightFace could not find a face inside the YOLO crop
2026-10-01 22:29:48,354 WARNING embedding_failed frame=591 bbox=(1439, 288, 1530, 401) error=InsightFace could not find a face inside the YOLO crop
2026-10-01 22:29:48,549 WARNING embedding_failed frame=591 bbox=(1017, 439, 1089, 546) error=InsightFace could not find a face inside the YOLO crop
2026-10-01 22:29:48,888 WARNING embedding_failed frame=594 bbox=(1435, 308, 1525, 420) error=InsightFace could not find a face inside the YOLO crop
2026-10-01 22:29:49,081 WARNING embedding_failed frame=594 bbox=(1001, 455, 1075, 563) error=InsightFace could not find a face inside the YOLO crop
2026-10-01 22:29:49,405 WARNING embedding_failed frame=597 bbox=(1430, 315, 1523, 434) error=InsightFace could not find a face inside the YOLO crop
2026-10-01 22:29:49,595 WARNING embedding_failed frame=597 bbox=(985, 469, 1062, 582) error=InsightFace could not find a face inside the YOLO crop
2026-10-01 22:29:49,943 WARNING embedding_failed frame=600 bbox=(1437, 322, 1532, 444) error=InsightFace could not find a face inside the YOLO crop
2026-10-01 22:29:50,130 WARNING embedding_failed frame=600 bbox=(969, 490, 1052, 603) error=InsightFace could not find a face inside the YOLO crop
2026-10-01 22:29:50,462 WARNING embedding_failed frame=603 bbox=(1455, 342, 1555, 464) error=InsightFace could not find a face inside the YOLO crop
2026-10-01 22:29:50,647 WARNING embedding_failed frame=603 bbox=(955, 526, 1042, 637) error=InsightFace could not find a face inside the YOLO crop
2026-10-01 22:29:50,983 WARNING embedding_failed frame=606 bbox=(1481, 380, 1581, 506) error=InsightFace could not find a face inside the YOLO crop
2026-10-01 22:29:51,180 WARNING embedding_failed frame=606 bbox=(949, 557, 1043, 678) error=InsightFace could not find a face inside the YOLO crop
2026-10-01 22:29:51,501 WARNING embedding_failed frame=609 bbox=(1514, 413, 1620, 542) error=InsightFace could not find a face inside the YOLO crop
2026-10-01 22:29:51,698 WARNING embedding_failed frame=609 bbox=(953, 570, 1048, 691) error=InsightFace could not find a face inside the YOLO crop
2026-10-01 22:29:52,019 WARNING embedding_failed frame=612 bbox=(952, 582, 1046, 709) error=InsightFace could not find a face inside the YOLO crop
2026-10-01 22:29:52,222 WARNING embedding_failed frame=612 bbox=(1541, 425, 1651, 555) error=InsightFace could not find a face inside the YOLO crop
2026-10-01 22:29:52,552 WARNING embedding_failed frame=615 bbox=(1545, 437, 1653, 568) error=InsightFace could not find a face inside the YOLO crop
2026-10-01 22:29:52,757 WARNING embedding_failed frame=615 bbox=(942, 604, 1039, 735) error=InsightFace could not find a face inside the YOLO crop
2026-10-01 22:29:53,098 WARNING embedding_failed frame=618 bbox=(1536, 458, 1646, 599) error=InsightFace could not find a face inside the YOLO crop
2026-10-01 22:29:53,292 WARNING embedding_failed frame=618 bbox=(928, 636, 1026, 769) error=InsightFace could not find a face inside the YOLO crop
2026-10-01 22:29:53,624 WARNING embedding_failed frame=621 bbox=(1525, 498, 1636, 641) error=InsightFace could not find a face inside the YOLO crop
2026-10-01 22:29:53,832 WARNING embedding_failed frame=621 bbox=(901, 678, 1000, 815) error=InsightFace could not find a face inside the YOLO crop
2026-10-01 22:29:54,048 WARNING embedding_failed frame=621 bbox=(1541, 284, 1576, 323) error=InsightFace could not find a face inside the YOLO crop
2026-10-01 22:29:54,373 WARNING embedding_failed frame=624 bbox=(1506, 530, 1621, 675) error=InsightFace could not find a face inside the YOLO crop
2026-10-01 22:29:54,576 WARNING embedding_failed frame=624 bbox=(867, 702, 969, 838) error=InsightFace could not find a face inside the YOLO crop
2026-10-01 22:29:54,911 WARNING embedding_failed frame=627 bbox=(1492, 539, 1610, 689) error=InsightFace could not find a face inside the YOLO crop
2026-10-01 22:29:55,121 WARNING embedding_failed frame=627 bbox=(839, 722, 942, 859) error=InsightFace could not find a face inside the YOLO crop
2026-10-01 22:29:55,455 WARNING embedding_failed frame=630 bbox=(1497, 562, 1618, 712) error=InsightFace could not find a face inside the YOLO crop
2026-10-01 22:29:55,648 WARNING embedding_failed frame=630 bbox=(818, 754, 923, 896) error=InsightFace could not find a face inside the YOLO crop
2026-10-01 22:29:55,847 WARNING embedding_failed frame=630 bbox=(1536, 291, 1572, 331) error=InsightFace could not find a face inside the YOLO crop
2026-10-01 22:29:56,198 WARNING embedding_failed frame=633 bbox=(1511, 605, 1643, 762) error=InsightFace could not find a face inside the YOLO crop
2026-10-01 22:29:56,408 WARNING embedding_failed frame=633 bbox=(796, 797, 905, 945) error=InsightFace could not find a face inside the YOLO crop
2026-10-01 22:29:56,622 WARNING embedding_failed frame=633 bbox=(1543, 299, 1576, 336) error=InsightFace could not find a face inside the YOLO crop
2026-10-01 22:29:56,981 WARNING embedding_failed frame=636 bbox=(1536, 657, 1674, 825) error=InsightFace could not find a face inside the YOLO crop
2026-10-01 22:29:57,194 WARNING embedding_failed frame=636 bbox=(780, 849, 892, 1001) error=InsightFace could not find a face inside the YOLO crop
2026-10-01 22:29:57,395 WARNING embedding_failed frame=636 bbox=(1547, 307, 1584, 348) error=InsightFace could not find a face inside the YOLO crop
2026-10-01 22:29:57,738 WARNING embedding_failed frame=639 bbox=(1571, 705, 1712, 875) error=InsightFace could not find a face inside the YOLO crop
2026-10-01 22:29:57,941 WARNING embedding_failed frame=639 bbox=(768, 880, 887, 1040) error=InsightFace could not find a face inside the YOLO crop
2026-10-01 22:29:58,145 WARNING embedding_failed frame=639 bbox=(1551, 310, 1588, 351) error=InsightFace could not find a face inside the YOLO crop
2026-10-01 22:29:58,498 WARNING embedding_failed frame=642 bbox=(1599, 738, 1739, 905) error=InsightFace could not find a face inside the YOLO crop
2026-10-01 22:29:58,692 WARNING embedding_failed frame=642 bbox=(756, 912, 879, 1075) error=InsightFace could not find a face inside the YOLO crop
2026-10-01 22:29:58,888 WARNING embedding_failed frame=642 bbox=(1551, 314, 1586, 354) error=InsightFace could not find a face inside the YOLO crop
2026-10-01 22:29:59,244 WARNING embedding_failed frame=645 bbox=(1604, 759, 1750, 936) error=InsightFace could not find a face inside the YOLO crop
2026-10-01 22:29:59,443 WARNING embedding_failed frame=645 bbox=(733, 952, 857, 1117) error=InsightFace could not find a face inside the YOLO crop
2026-10-01 22:29:59,651 WARNING embedding_failed frame=645 bbox=(1545, 322, 1581, 361) error=InsightFace could not find a face inside the YOLO crop
2026-10-01 22:29:59,990 WARNING embedding_failed frame=648 bbox=(1607, 789, 1756, 975) error=InsightFace could not find a face inside the YOLO crop
2026-10-01 22:30:00,197 WARNING embedding_failed frame=648 bbox=(703, 1003, 834, 1176) error=InsightFace could not find a face inside the YOLO crop
2026-10-01 22:30:00,402 WARNING embedding_failed frame=648 bbox=(1540, 325, 1574, 363) error=InsightFace could not find a face inside the YOLO crop
2026-10-01 22:30:00,724 WARNING embedding_failed frame=651 bbox=(1603, 843, 1759, 1038) error=InsightFace could not find a face inside the YOLO crop
2026-10-01 22:30:00,924 WARNING embedding_failed frame=651 bbox=(666, 1068, 795, 1242) error=InsightFace could not find a face inside the YOLO crop
2026-10-01 22:30:01,278 WARNING embedding_failed frame=654 bbox=(1586, 894, 1743, 1098) error=InsightFace could not find a face inside the YOLO crop
2026-10-01 22:30:01,478 WARNING embedding_failed frame=654 bbox=(621, 1104, 748, 1280) error=InsightFace could not find a face inside the YOLO crop
2026-10-01 22:30:01,819 WARNING embedding_failed frame=657 bbox=(1573, 939, 1735, 1145) error=InsightFace could not find a face inside the YOLO crop
2026-10-01 22:30:02,038 WARNING embedding_failed frame=657 bbox=(579, 1130, 710, 1312) error=InsightFace could not find a face inside the YOLO crop
2026-10-01 22:30:02,482 WARNING embedding_failed frame=660 bbox=(1574, 978, 1740, 1193) error=InsightFace could not find a face inside the YOLO crop
2026-10-01 22:30:02,698 WARNING embedding_failed frame=660 bbox=(539, 1177, 672, 1360) error=InsightFace could not find a face inside the YOLO crop
2026-10-01 22:30:03,066 WARNING embedding_failed frame=663 bbox=(1604, 1040, 1767, 1259) error=InsightFace could not find a face inside the YOLO crop
2026-10-01 22:30:03,353 WARNING embedding_failed frame=663 bbox=(504, 1242, 643, 1432) error=InsightFace could not find a face inside the YOLO crop
2026-10-01 22:30:03,697 WARNING embedding_failed frame=666 bbox=(1663, 1131, 1818, 1339) error=InsightFace could not find a face inside the YOLO crop
2026-10-01 22:30:03,898 WARNING embedding_failed frame=666 bbox=(479, 1318, 617, 1513) error=InsightFace could not find a face inside the YOLO crop
2026-10-01 22:30:04,224 WARNING embedding_failed frame=669 bbox=(1731, 1210, 1878, 1416) error=InsightFace could not find a face inside the YOLO crop
2026-10-01 22:30:04,408 WARNING embedding_failed frame=669 bbox=(448, 1395, 588, 1520) error=InsightFace could not find a face inside the YOLO crop
2026-10-01 22:30:04,594 WARNING embedding_failed frame=669 bbox=(1513, 383, 1547, 421) error=InsightFace could not find a face inside the YOLO crop
2026-10-01 22:30:04,796 WARNING embedding_failed frame=669 bbox=(2651, 289, 2684, 329) error=InsightFace could not find a face inside the YOLO crop
2026-10-01 22:30:05,106 WARNING embedding_failed frame=672 bbox=(1799, 1260, 1929, 1457) error=InsightFace could not find a face inside the YOLO crop
2026-10-01 22:30:05,314 WARNING embedding_failed frame=672 bbox=(1513, 388, 1547, 425) error=InsightFace could not find a face inside the YOLO crop
2026-10-01 22:30:05,627 WARNING embedding_failed frame=675 bbox=(1837, 1293, 1958, 1492) error=InsightFace could not find a face inside the YOLO crop
2026-10-01 22:30:05,827 WARNING embedding_failed frame=675 bbox=(1515, 397, 1550, 436) error=InsightFace could not find a face inside the YOLO crop
2026-10-01 22:30:06,011 WARNING embedding_failed frame=675 bbox=(2650, 290, 2682, 331) error=InsightFace could not find a face inside the YOLO crop
2026-10-01 22:30:06,325 WARNING embedding_failed frame=678 bbox=(1866, 1344, 1972, 1520) error=InsightFace could not find a face inside the YOLO crop
2026-10-01 22:30:06,522 WARNING embedding_failed frame=678 bbox=(2651, 291, 2682, 331) error=InsightFace could not find a face inside the YOLO crop
2026-10-01 22:30:06,859 WARNING embedding_failed frame=681 bbox=(2651, 291, 2682, 331) error=InsightFace could not find a face inside the YOLO crop
2026-10-01 22:30:07,390 WARNING embedding_failed frame=690 bbox=(1532, 437, 1570, 482) error=InsightFace could not find a face inside the YOLO crop
2026-10-01 22:30:07,725 WARNING embedding_failed frame=693 bbox=(1544, 448, 1581, 492) error=InsightFace could not find a face inside the YOLO crop
2026-10-01 22:30:08,071 WARNING embedding_failed frame=696 bbox=(2651, 291, 2681, 330) error=InsightFace could not find a face inside the YOLO crop
2026-10-01 22:30:08,394 WARNING embedding_failed frame=699 bbox=(874, 12, 914, 60) error=InsightFace could not find a face inside the YOLO crop
2026-10-01 22:30:08,585 WARNING embedding_failed frame=699 bbox=(1568, 461, 1611, 510) error=InsightFace could not find a face inside the YOLO crop
2026-10-01 22:30:08,908 WARNING embedding_failed frame=702 bbox=(867, 12, 903, 58) error=InsightFace could not find a face inside the YOLO crop
2026-10-01 22:30:09,111 WARNING embedding_failed frame=702 bbox=(1574, 479, 1614, 525) error=InsightFace could not find a face inside the YOLO crop
2026-10-01 22:30:09,436 WARNING embedding_failed frame=705 bbox=(1575, 489, 1617, 537) error=InsightFace could not find a face inside the YOLO crop
2026-10-01 22:30:09,615 WARNING embedding_failed frame=705 bbox=(862, 14, 898, 58) error=InsightFace could not find a face inside the YOLO crop
2026-10-01 22:30:10,033 WARNING embedding_failed frame=708 bbox=(1581, 500, 1625, 549) error=InsightFace could not find a face inside the YOLO crop
2026-10-01 22:30:10,353 WARNING embedding_failed frame=711 bbox=(849, 30, 886, 78) error=InsightFace could not find a face inside the YOLO crop
2026-10-01 22:30:10,554 WARNING embedding_failed frame=711 bbox=(1597, 518, 1638, 565) error=InsightFace could not find a face inside the YOLO crop
2026-10-01 22:30:10,877 WARNING embedding_failed frame=714 bbox=(1614, 531, 1659, 582) error=InsightFace could not find a face inside the YOLO crop
2026-10-01 22:30:11,064 WARNING embedding_failed frame=714 bbox=(845, 34, 886, 84) error=InsightFace could not find a face inside the YOLO crop
2026-10-01 22:30:11,381 WARNING embedding_failed frame=717 bbox=(844, 32, 885, 82) error=InsightFace could not find a face inside the YOLO crop
2026-10-01 22:30:11,581 WARNING embedding_failed frame=717 bbox=(1630, 541, 1674, 592) error=InsightFace could not find a face inside the YOLO crop
2026-10-01 22:30:11,915 WARNING embedding_failed frame=720 bbox=(840, 34, 881, 86) error=InsightFace could not find a face inside the YOLO crop
2026-10-01 22:30:12,133 WARNING embedding_failed frame=720 bbox=(1635, 557, 1680, 610) error=InsightFace could not find a face inside the YOLO crop
2026-10-01 22:30:12,469 WARNING embedding_failed frame=723 bbox=(827, 39, 870, 95) error=InsightFace could not find a face inside the YOLO crop
2026-10-01 22:30:12,673 WARNING embedding_failed frame=723 bbox=(1638, 575, 1682, 627) error=InsightFace could not find a face inside the YOLO crop
2026-10-01 22:30:12,999 WARNING embedding_failed frame=726 bbox=(1645, 583, 1688, 632) error=InsightFace could not find a face inside the YOLO crop
2026-10-01 22:30:13,183 WARNING embedding_failed frame=726 bbox=(814, 52, 855, 103) error=InsightFace could not find a face inside the YOLO crop
2026-10-01 22:30:13,515 WARNING embedding_failed frame=729 bbox=(798, 57, 842, 113) error=InsightFace could not find a face inside the YOLO crop
2026-10-01 22:30:13,823 WARNING embedding_failed frame=732 bbox=(778, 56, 821, 111) error=InsightFace could not find a face inside the YOLO crop
2026-10-01 22:30:14,025 WARNING embedding_failed frame=732 bbox=(1677, 612, 1721, 659) error=InsightFace could not find a face inside the YOLO crop
2026-10-01 22:30:14,347 WARNING embedding_failed frame=735 bbox=(768, 57, 811, 112) error=InsightFace could not find a face inside the YOLO crop
2026-10-01 22:30:14,549 WARNING embedding_failed frame=735 bbox=(1693, 622, 1738, 673) error=InsightFace could not find a face inside the YOLO crop
2026-10-01 22:30:14,862 WARNING embedding_failed frame=738 bbox=(757, 64, 799, 116) error=InsightFace could not find a face inside the YOLO crop
2026-10-01 22:30:15,063 WARNING embedding_failed frame=738 bbox=(1695, 637, 1745, 692) error=InsightFace could not find a face inside the YOLO crop
2026-10-01 22:30:15,387 WARNING embedding_failed frame=741 bbox=(1699, 652, 1748, 707) error=InsightFace could not find a face inside the YOLO crop
2026-10-01 22:30:15,581 WARNING embedding_failed frame=741 bbox=(747, 74, 788, 127) error=InsightFace could not find a face inside the YOLO crop
2026-10-01 22:30:15,910 WARNING embedding_failed frame=744 bbox=(743, 86, 786, 140) error=InsightFace could not find a face inside the YOLO crop
2026-10-01 22:30:16,114 WARNING embedding_failed frame=744 bbox=(1705, 661, 1756, 718) error=InsightFace could not find a face inside the YOLO crop
2026-10-01 22:30:16,451 WARNING embedding_failed frame=747 bbox=(739, 86, 782, 141) error=InsightFace could not find a face inside the YOLO crop
2026-10-01 22:30:16,661 WARNING embedding_failed frame=747 bbox=(1716, 681, 1765, 733) error=InsightFace could not find a face inside the YOLO crop
2026-10-01 22:30:16,983 WARNING embedding_failed frame=750 bbox=(734, 87, 780, 148) error=InsightFace could not find a face inside the YOLO crop
2026-10-01 22:30:17,183 WARNING embedding_failed frame=750 bbox=(1737, 699, 1787, 755) error=InsightFace could not find a face inside the YOLO crop
2026-10-01 22:30:17,501 WARNING embedding_failed frame=753 bbox=(725, 89, 771, 150) error=InsightFace could not find a face inside the YOLO crop
2026-10-01 22:30:17,704 WARNING embedding_failed frame=753 bbox=(1750, 710, 1801, 766) error=InsightFace could not find a face inside the YOLO crop
2026-10-01 22:30:18,037 WARNING embedding_failed frame=756 bbox=(705, 99, 753, 161) error=InsightFace could not find a face inside the YOLO crop
2026-10-01 22:30:18,239 WARNING embedding_failed frame=756 bbox=(1764, 726, 1817, 787) error=InsightFace could not find a face inside the YOLO crop
2026-10-01 22:30:18,425 WARNING embedding_failed frame=756 bbox=(2650, 289, 2682, 329) error=InsightFace could not find a face inside the YOLO crop
2026-10-01 22:30:18,763 WARNING embedding_failed frame=759 bbox=(691, 113, 736, 174) error=InsightFace could not find a face inside the YOLO crop
2026-10-01 22:30:18,951 WARNING embedding_failed frame=759 bbox=(1766, 754, 1817, 812) error=InsightFace could not find a face inside the YOLO crop
2026-10-01 22:30:19,281 WARNING embedding_failed frame=762 bbox=(667, 117, 714, 178) error=InsightFace could not find a face inside the YOLO crop
2026-10-01 22:30:19,483 WARNING embedding_failed frame=762 bbox=(1777, 762, 1828, 818) error=InsightFace could not find a face inside the YOLO crop
2026-10-01 22:30:19,832 WARNING embedding_failed frame=765 bbox=(645, 117, 690, 176) error=InsightFace could not find a face inside the YOLO crop
2026-10-01 22:30:20,049 WARNING embedding_failed frame=765 bbox=(1793, 780, 1845, 836) error=InsightFace could not find a face inside the YOLO crop
2026-10-01 22:30:20,397 WARNING embedding_failed frame=768 bbox=(632, 121, 678, 184) error=InsightFace could not find a face inside the YOLO crop
2026-10-01 22:30:20,617 WARNING embedding_failed frame=768 bbox=(1815, 797, 1867, 853) error=InsightFace could not find a face inside the YOLO crop
2026-10-01 22:30:20,997 WARNING embedding_failed frame=771 bbox=(619, 133, 666, 195) error=InsightFace could not find a face inside the YOLO crop
2026-10-01 22:30:21,203 WARNING embedding_failed frame=771 bbox=(1838, 807, 1891, 862) error=InsightFace could not find a face inside the YOLO crop
2026-10-01 22:30:21,565 WARNING embedding_failed frame=774 bbox=(609, 146, 658, 210) error=InsightFace could not find a face inside the YOLO crop
2026-10-01 22:30:21,776 WARNING embedding_failed frame=774 bbox=(1857, 824, 1909, 882) error=InsightFace could not find a face inside the YOLO crop
2026-10-01 22:30:22,149 WARNING embedding_failed frame=777 bbox=(604, 155, 655, 221) error=InsightFace could not find a face inside the YOLO crop
2026-10-01 22:30:22,355 WARNING embedding_failed frame=777 bbox=(1863, 844, 1919, 905) error=InsightFace could not find a face inside the YOLO crop
2026-10-01 22:30:22,717 WARNING embedding_failed frame=780 bbox=(601, 154, 652, 219) error=InsightFace could not find a face inside the YOLO crop
2026-10-01 22:30:22,943 WARNING embedding_failed frame=780 bbox=(1864, 854, 1921, 913) error=InsightFace could not find a face inside the YOLO crop
2026-10-01 22:30:23,321 WARNING embedding_failed frame=780 bbox=(2650, 289, 2681, 329) error=InsightFace could not find a face inside the YOLO crop
2026-10-01 22:30:23,704 WARNING embedding_failed frame=783 bbox=(588, 156, 640, 227) error=InsightFace could not find a face inside the YOLO crop
2026-10-01 22:30:23,915 WARNING embedding_failed frame=783 bbox=(1873, 867, 1928, 923) error=InsightFace could not find a face inside the YOLO crop
2026-10-01 22:30:24,119 WARNING embedding_failed frame=783 bbox=(2650, 289, 2680, 329) error=InsightFace could not find a face inside the YOLO crop
2026-10-01 22:30:24,469 WARNING embedding_failed frame=786 bbox=(574, 168, 624, 233) error=InsightFace could not find a face inside the YOLO crop
2026-10-01 22:30:24,671 WARNING embedding_failed frame=786 bbox=(1894, 883, 1946, 941) error=InsightFace could not find a face inside the YOLO crop
2026-10-01 22:30:24,879 WARNING embedding_failed frame=786 bbox=(2650, 290, 2680, 329) error=InsightFace could not find a face inside the YOLO crop
2026-10-01 22:30:25,219 WARNING embedding_failed frame=789 bbox=(557, 185, 607, 248) error=InsightFace could not find a face inside the YOLO crop
2026-10-01 22:30:25,413 WARNING embedding_failed frame=789 bbox=(1917, 901, 1973, 962) error=InsightFace could not find a face inside the YOLO crop
2026-10-01 22:30:25,599 WARNING embedding_failed frame=789 bbox=(2649, 290, 2681, 332) error=InsightFace could not find a face inside the YOLO crop
2026-10-01 22:30:25,935 WARNING embedding_failed frame=792 bbox=(528, 199, 579, 263) error=InsightFace could not find a face inside the YOLO crop
2026-10-01 22:30:26,132 WARNING embedding_failed frame=792 bbox=(1942, 914, 1998, 975) error=InsightFace could not find a face inside the YOLO crop
2026-10-01 22:30:26,323 WARNING embedding_failed frame=792 bbox=(2648, 289, 2683, 332) error=InsightFace could not find a face inside the YOLO crop
2026-10-01 22:30:26,694 WARNING embedding_failed frame=795 bbox=(500, 197, 553, 265) error=InsightFace could not find a face inside the YOLO crop
2026-10-01 22:30:26,902 WARNING embedding_failed frame=795 bbox=(1956, 935, 2013, 997) error=InsightFace could not find a face inside the YOLO crop
2026-10-01 22:30:27,149 WARNING embedding_failed frame=795 bbox=(2648, 289, 2684, 331) error=InsightFace could not find a face inside the YOLO crop
2026-10-01 22:30:27,511 WARNING embedding_failed frame=798 bbox=(481, 200, 533, 266) error=InsightFace could not find a face inside the YOLO crop
2026-10-01 22:30:27,716 WARNING embedding_failed frame=798 bbox=(1963, 957, 2021, 1023) error=InsightFace could not find a face inside the YOLO crop
2026-10-01 22:30:27,920 WARNING embedding_failed frame=798 bbox=(2647, 289, 2683, 332) error=InsightFace could not find a face inside the YOLO crop
2026-10-01 22:30:28,283 WARNING embedding_failed frame=801 bbox=(459, 207, 514, 281) error=InsightFace could not find a face inside the YOLO crop
2026-10-01 22:30:28,479 WARNING embedding_failed frame=801 bbox=(1970, 977, 2026, 1038) error=InsightFace could not find a face inside the YOLO crop
2026-10-01 22:30:28,680 WARNING embedding_failed frame=801 bbox=(2647, 288, 2682, 330) error=InsightFace could not find a face inside the YOLO crop
2026-10-01 22:30:28,882 WARNING embedding_failed frame=801 bbox=(2564, 209, 2595, 248) error=InsightFace could not find a face inside the YOLO crop
2026-10-01 22:30:29,219 WARNING embedding_failed frame=804 bbox=(437, 224, 491, 296) error=InsightFace could not find a face inside the YOLO crop
2026-10-01 22:30:29,413 WARNING embedding_failed frame=804 bbox=(1989, 994, 2046, 1056) error=InsightFace could not find a face inside the YOLO crop
2026-10-01 22:30:29,612 WARNING embedding_failed frame=804 bbox=(2643, 290, 2680, 333) error=InsightFace could not find a face inside the YOLO crop
2026-10-01 22:30:29,801 WARNING embedding_failed frame=804 bbox=(2564, 210, 2595, 248) error=InsightFace could not find a face inside the YOLO crop
2026-10-01 22:30:30,129 WARNING embedding_failed frame=807 bbox=(420, 241, 475, 314) error=InsightFace could not find a face inside the YOLO crop
2026-10-01 22:30:30,346 WARNING embedding_failed frame=807 bbox=(2006, 1017, 2066, 1077) error=InsightFace could not find a face inside the YOLO crop
2026-10-01 22:30:30,534 WARNING embedding_failed frame=807 bbox=(2564, 210, 2594, 248) error=InsightFace could not find a face inside the YOLO crop
2026-10-01 22:30:30,731 WARNING embedding_failed frame=807 bbox=(2640, 292, 2673, 334) error=InsightFace could not find a face inside the YOLO crop
2026-10-01 22:30:31,052 WARNING embedding_failed frame=810 bbox=(403, 248, 457, 322) error=InsightFace could not find a face inside the YOLO crop
2026-10-01 22:30:31,257 WARNING embedding_failed frame=810 bbox=(2038, 1039, 2098, 1100) error=InsightFace could not find a face inside the YOLO crop
2026-10-01 22:30:31,455 WARNING embedding_failed frame=810 bbox=(2563, 209, 2593, 247) error=InsightFace could not find a face inside the YOLO crop
2026-10-01 22:30:31,795 WARNING embedding_failed frame=813 bbox=(383, 249, 440, 327) error=InsightFace could not find a face inside the YOLO crop
2026-10-01 22:30:31,988 WARNING embedding_failed frame=813 bbox=(2062, 1047, 2127, 1113) error=InsightFace could not find a face inside the YOLO crop
2026-10-01 22:30:32,183 WARNING embedding_failed frame=813 bbox=(2562, 208, 2593, 246) error=InsightFace could not find a face inside the YOLO crop
2026-10-01 22:30:32,513 WARNING embedding_failed frame=816 bbox=(357, 260, 414, 334) error=InsightFace could not find a face inside the YOLO crop
2026-10-01 22:30:32,734 WARNING embedding_failed frame=816 bbox=(2081, 1070, 2147, 1141) error=InsightFace could not find a face inside the YOLO crop
2026-10-01 22:30:32,969 WARNING embedding_failed frame=816 bbox=(2562, 208, 2593, 246) error=InsightFace could not find a face inside the YOLO crop
2026-10-01 22:30:33,329 WARNING embedding_failed frame=819 bbox=(329, 277, 383, 347) error=InsightFace could not find a face inside the YOLO crop
2026-10-01 22:30:33,521 WARNING embedding_failed frame=819 bbox=(2089, 1097, 2158, 1171) error=InsightFace could not find a face inside the YOLO crop
2026-10-01 22:30:33,712 WARNING embedding_failed frame=819 bbox=(2562, 208, 2593, 246) error=InsightFace could not find a face inside the YOLO crop
2026-10-01 22:30:33,918 WARNING embedding_failed frame=819 bbox=(2636, 295, 2669, 337) error=InsightFace could not find a face inside the YOLO crop
2026-10-01 22:30:34,250 WARNING embedding_failed frame=822 bbox=(290, 297, 346, 373) error=InsightFace could not find a face inside the YOLO crop
2026-10-01 22:30:34,451 WARNING embedding_failed frame=822 bbox=(2100, 1123, 2168, 1194) error=InsightFace could not find a face inside the YOLO crop
2026-10-01 22:30:34,651 WARNING embedding_failed frame=822 bbox=(2562, 207, 2593, 245) error=InsightFace could not find a face inside the YOLO crop
2026-10-01 22:30:34,849 WARNING embedding_failed frame=822 bbox=(2637, 295, 2669, 337) error=InsightFace could not find a face inside the YOLO crop
2026-10-01 22:30:35,179 WARNING embedding_failed frame=825 bbox=(254, 303, 308, 380) error=InsightFace could not find a face inside the YOLO crop
2026-10-01 22:30:35,363 WARNING embedding_failed frame=825 bbox=(2114, 1153, 2181, 1223) error=InsightFace could not find a face inside the YOLO crop
2026-10-01 22:30:35,559 WARNING embedding_failed frame=825 bbox=(2562, 208, 2592, 245) error=InsightFace could not find a face inside the YOLO crop
2026-10-01 22:30:36,019 WARNING embedding_failed frame=828 bbox=(221, 304, 279, 382) error=InsightFace could not find a face inside the YOLO crop
2026-10-01 22:30:36,204 WARNING embedding_failed frame=828 bbox=(2137, 1183, 2206, 1251) error=InsightFace could not find a face inside the YOLO crop
2026-10-01 22:30:36,397 WARNING embedding_failed frame=828 bbox=(2562, 208, 2592, 245) error=InsightFace could not find a face inside the YOLO crop
2026-10-01 22:30:36,746 WARNING embedding_failed frame=831 bbox=(193, 312, 250, 388) error=InsightFace could not find a face inside the YOLO crop
2026-10-01 22:30:36,951 WARNING embedding_failed frame=831 bbox=(2164, 1210, 2234, 1282) error=InsightFace could not find a face inside the YOLO crop
2026-10-01 22:30:37,157 WARNING embedding_failed frame=831 bbox=(2562, 208, 2592, 246) error=InsightFace could not find a face inside the YOLO crop
2026-10-01 22:30:37,494 WARNING embedding_failed frame=834 bbox=(2181, 1230, 2256, 1309) error=InsightFace could not find a face inside the YOLO crop
2026-10-01 22:30:37,705 WARNING embedding_failed frame=834 bbox=(168, 332, 225, 407) error=InsightFace could not find a face inside the YOLO crop
2026-10-01 22:30:37,897 WARNING embedding_failed frame=834 bbox=(2629, 295, 2662, 336) error=InsightFace could not find a face inside the YOLO crop
2026-10-01 22:30:38,094 WARNING embedding_failed frame=834 bbox=(2562, 207, 2592, 245) error=InsightFace could not find a face inside the YOLO crop
2026-10-01 22:30:38,401 WARNING embedding_failed frame=837 bbox=(149, 351, 208, 432) error=InsightFace could not find a face inside the YOLO crop
2026-10-01 22:30:38,609 WARNING embedding_failed frame=837 bbox=(2195, 1263, 2267, 1337) error=InsightFace could not find a face inside the YOLO crop
2026-10-01 22:30:38,798 WARNING embedding_failed frame=837 bbox=(2628, 297, 2660, 336) error=InsightFace could not find a face inside the YOLO crop
2026-10-01 22:30:39,126 WARNING embedding_failed frame=840 bbox=(133, 371, 192, 447) error=InsightFace could not find a face inside the YOLO crop
2026-10-01 22:30:39,566 INFO embedding_generated frame=840 confidence=0.652 bbox=(2202, 1296, 2276, 1371)
2026-10-01 22:30:39,774 WARNING embedding_failed frame=840 bbox=(2626, 298, 2657, 336) error=InsightFace could not find a face inside the YOLO crop
2026-10-01 22:30:39,782 INFO face_registered visitor_id=visitor_79d306809557 track_id=69262f0c5923 similarity=0.2071
2026-10-01 22:30:39,788 INFO face_entry visitor_id=visitor_79d306809557 track_id=69262f0c5923 camera_id=camera-1 timestamp=2026-10-01T17:00:39.782+00:00 image=C:\Users\Vaishnavi\OneDrive\Desktop\AI-Interview-System\logs\entries\2026-10-01\2026-10-01T17-00-39.782_00-00_visitor_79d306809557_69262f0c5923.jpg unique_visitors=2
2026-10-01 22:30:40,123 WARNING embedding_failed frame=843 bbox=(121, 373, 180, 452) error=InsightFace could not find a face inside the YOLO crop
2026-10-01 22:30:40,315 WARNING embedding_failed frame=843 bbox=(2213, 1316, 2283, 1387) error=InsightFace could not find a face inside the YOLO crop
2026-10-01 22:30:40,530 WARNING embedding_failed frame=843 bbox=(2625, 299, 2656, 336) error=InsightFace could not find a face inside the YOLO crop
2026-10-01 22:30:40,854 WARNING embedding_failed frame=846 bbox=(100, 383, 163, 468) error=InsightFace could not find a face inside the YOLO crop
2026-10-01 22:30:41,089 WARNING embedding_failed frame=846 bbox=(2232, 1348, 2304, 1419) error=InsightFace could not find a face inside the YOLO crop
2026-10-01 22:30:41,311 WARNING embedding_failed frame=846 bbox=(2621, 297, 2652, 335) error=InsightFace could not find a face inside the YOLO crop
2026-10-01 22:30:41,654 WARNING embedding_failed frame=849 bbox=(78, 398, 139, 480) error=InsightFace could not find a face inside the YOLO crop
2026-10-01 22:30:41,843 WARNING embedding_failed frame=849 bbox=(2260, 1382, 2337, 1460) error=InsightFace could not find a face inside the YOLO crop
2026-10-01 22:30:42,047 WARNING embedding_failed frame=849 bbox=(2622, 294, 2652, 333) error=InsightFace could not find a face inside the YOLO crop
2026-10-01 22:30:42,369 WARNING embedding_failed frame=852 bbox=(53, 422, 116, 504) error=InsightFace could not find a face inside the YOLO crop
2026-10-01 22:30:42,571 WARNING embedding_failed frame=852 bbox=(2300, 1409, 2371, 1476) error=InsightFace could not find a face inside the YOLO crop
2026-10-01 22:30:42,755 WARNING embedding_failed frame=852 bbox=(2618, 293, 2648, 333) error=InsightFace could not find a face inside the YOLO crop
2026-10-01 22:30:42,785 INFO face_exit visitor_id=visitor_79d306809557 track_id=69262f0c5923 camera_id=camera-1 timestamp=2026-10-01T17:00:42.766+00:00 image=C:\Users\Vaishnavi\OneDrive\Desktop\AI-Interview-System\logs\exits\2026-10-01\2026-10-01T17-00-42.766_00-00_visitor_79d306809557_69262f0c5923.jpg unique_visitors=2
2026-10-01 22:30:43,182 WARNING embedding_failed frame=855 bbox=(20, 445, 84, 532) error=InsightFace could not find a face inside the YOLO crop
2026-10-01 22:30:43,369 WARNING embedding_failed frame=855 bbox=(2326, 1424, 2403, 1499) error=InsightFace could not find a face inside the YOLO crop
2026-10-01 22:30:43,719 WARNING embedding_failed frame=858 bbox=(0, 450, 49, 541) error=InsightFace could not find a face inside the YOLO crop
2026-10-01 22:30:43,913 WARNING embedding_failed frame=858 bbox=(2354, 1447, 2426, 1516) error=InsightFace could not find a face inside the YOLO crop
2026-10-01 22:30:44,429 WARNING embedding_failed frame=867 bbox=(2565, 208, 2595, 247) error=InsightFace could not find a face inside the YOLO crop
2026-10-01 22:30:44,754 WARNING embedding_failed frame=870 bbox=(2565, 210, 2594, 247) error=InsightFace could not find a face inside the YOLO crop
2026-10-01 22:30:45,077 WARNING embedding_failed frame=873 bbox=(2565, 210, 2594, 247) error=InsightFace could not find a face inside the YOLO crop
2026-10-01 22:30:52,551 WARNING embedding_failed frame=1050 bbox=(1623, 404, 1698, 501) error=InsightFace could not find a face inside the YOLO crop
2026-10-01 22:30:53,757 WARNING embedding_failed frame=1074 bbox=(1431, 271, 1483, 344) error=InsightFace could not find a face inside the YOLO crop
2026-10-01 22:31:03,762 WARNING embedding_failed frame=1284 bbox=(2626, 294, 2653, 330) error=InsightFace could not find a face inside the YOLO crop
2026-10-01 22:31:04,650 WARNING embedding_failed frame=1299 bbox=(2618, 292, 2647, 330) error=InsightFace could not find a face inside the YOLO crop
2026-10-01 22:31:10,030 WARNING embedding_failed frame=1422 bbox=(2577, 206, 2609, 246) error=InsightFace could not find a face inside the YOLO crop
2026-10-01 22:31:10,365 WARNING embedding_failed frame=1425 bbox=(2578, 210, 2610, 248) error=InsightFace could not find a face inside the YOLO crop
2026-10-01 22:31:10,720 WARNING embedding_failed frame=1428 bbox=(2578, 211, 2611, 250) error=InsightFace could not find a face inside the YOLO crop
2026-10-01 22:31:11,062 WARNING embedding_failed frame=1431 bbox=(2580, 214, 2610, 251) error=InsightFace could not find a face inside the YOLO crop
2026-10-01 22:31:11,412 WARNING embedding_failed frame=1434 bbox=(2581, 215, 2612, 253) error=InsightFace could not find a face inside the YOLO crop
2026-10-01 22:31:11,762 WARNING embedding_failed frame=1437 bbox=(2580, 219, 2611, 256) error=InsightFace could not find a face inside the YOLO crop
2026-10-01 22:31:12,097 WARNING embedding_failed frame=1440 bbox=(2579, 224, 2610, 263) error=InsightFace could not find a face inside the YOLO crop
2026-10-01 22:31:12,438 WARNING embedding_failed frame=1443 bbox=(37, 337, 81, 424) error=InsightFace could not find a face inside the YOLO crop
2026-10-01 22:31:12,646 WARNING embedding_failed frame=1443 bbox=(2579, 223, 2611, 262) error=InsightFace could not find a face inside the YOLO crop
2026-10-01 22:31:12,975 WARNING embedding_failed frame=1446 bbox=(60, 310, 110, 401) error=InsightFace could not find a face inside the YOLO crop
2026-10-01 22:31:13,176 WARNING embedding_failed frame=1446 bbox=(2578, 223, 2609, 262) error=InsightFace could not find a face inside the YOLO crop
2026-10-01 22:31:13,580 WARNING embedding_failed frame=1449 bbox=(88, 291, 133, 378) error=InsightFace could not find a face inside the YOLO crop
2026-10-01 22:31:14,217 WARNING embedding_failed frame=1452 bbox=(117, 279, 164, 366) error=InsightFace could not find a face inside the YOLO crop
2026-10-01 22:31:14,610 WARNING embedding_failed frame=1455 bbox=(151, 273, 198, 357) error=InsightFace could not find a face inside the YOLO crop
2026-10-01 22:31:15,123 WARNING embedding_failed frame=1458 bbox=(190, 264, 237, 349) error=InsightFace could not find a face inside the YOLO crop
2026-10-01 22:31:15,594 WARNING embedding_failed frame=1461 bbox=(229, 243, 274, 325) error=InsightFace could not find a face inside the YOLO crop
2026-10-01 22:31:15,983 WARNING embedding_failed frame=1464 bbox=(256, 227, 297, 303) error=InsightFace could not find a face inside the YOLO crop
2026-10-01 22:31:16,400 WARNING embedding_failed frame=1467 bbox=(2564, 222, 2595, 261) error=InsightFace could not find a face inside the YOLO crop
2026-10-01 22:31:16,766 WARNING embedding_failed frame=1470 bbox=(305, 212, 347, 294) error=InsightFace could not find a face inside the YOLO crop
2026-10-01 22:31:17,009 WARNING embedding_failed frame=1470 bbox=(2564, 222, 2595, 261) error=InsightFace could not find a face inside the YOLO crop
2026-10-01 22:31:17,455 WARNING embedding_failed frame=1473 bbox=(329, 201, 370, 276) error=InsightFace could not find a face inside the YOLO crop
2026-10-01 22:31:18,246 WARNING embedding_failed frame=1479 bbox=(376, 168, 415, 239) error=InsightFace could not find a face inside the YOLO crop
2026-10-01 22:31:19,671 WARNING embedding_failed frame=1491 bbox=(477, 141, 514, 207) error=InsightFace could not find a face inside the YOLO crop
2026-10-01 22:31:20,351 INFO session_finished session_id=2f31193e8aa54b66b7f7ffd10b4637f8 frames=1502 unique_visitors=2
